=== M11 HHR STEP 3 EVIDENCE ===
CAPTURE KEY: 20260806T004000Z--2c2e9c408a2226dfea2bcc42b009203d26bc2a307e08caed05f3b31e361aabdf
ARCHIVE SHA-256: 932292c9d535670789dbe294eefab9317de9575c31cd8155ce6057a5df703a4f
FINAL GAMES: 2
COMPLEMENTARY ROWS: 72
COMPLEMENTARY PROPS: 36
SELECTED-SIDE ROWS: 36
EXCLUSIONS: []
LINE 0.5 COUNT: 10
LINE 0.5 OBSERVED WIN RATE: 0.5
LINE 0.5 PREDICTED WIN PROBABILITY: 0.6490857255485905
LINE 0.5 BRIER: 0.2833985824233786
LINE 0.5 LOG LOSS: 0.7648143563063473
LINE 1.5 COUNT: 25
LINE 1.5 OBSERVED WIN RATE: 0.56
LINE 1.5 PREDICTED WIN PROBABILITY: 0.5618663256285593
LINE 1.5 BRIER: 0.23834106867414856
LINE 1.5 LOG LOSS: 0.6692993842752156
LINE 2.5 COUNT: 1
LINE 2.5 OBSERVED WIN RATE: 0
LINE 2.5 PREDICTED WIN PROBABILITY: 0.6657231304577391
LINE 2.5 BRIER: 0.44318728642645194
LINE 2.5 LOG LOSS: 1.0957856786700013
OVERALL BRIER: 0.2565472174309431
OVERALL LOG LOSS: 0.7076781624614965
COIN-FLIP BRIER REFERENCE: 0.25
COIN-FLIP LOG LOSS REFERENCE: 0.6931471805599453
TOP DECILE OBSERVED WIN RATE: 0
BOTTOM DECILE OBSERVED WIN RATE: 0.6666666666666666
TOP MINUS BOTTOM PERCENTAGE POINTS: -66.66666666666666
PRODUCTION ENABLED: false
RANKING ENABLED: false
REPORT SHA-256: 5fc911721eab54b59483067d91e632b982abc2cc9f3ca3fb63b0ef13d6c23e4b
=== END M11 HHR STEP 3 EVIDENCE ===
