
> mlb-prop-analyzer-v3@0.0.0 verify
> npm run typecheck && npm run check:scripts && npm run check:m8-pa-survival-baseline-artifact && npm run check:m8-team-offensive-environment-dataset && npm run check:m8-shared-offensive-environment && npm run check:m8-shared-offensive-environment-walk-forward && npm run check:m8-shared-offensive-environment-artifact && npm run check:m8-5-team-bullpen-outcome && npm run architecture && npm test


> mlb-prop-analyzer-v3@0.0.0 typecheck
> tsc --noEmit


> mlb-prop-analyzer-v3@0.0.0 check:scripts
> node --check scripts/clean.mjs && node --check scripts/provider-probe-utils.mjs && node --check scripts/provider-capability-utils.mjs && node --check scripts/verify-provider-access.mjs && node --check scripts/capture-provider-capabilities.mjs && node --check scripts/m8-recency-weighting-utils.mjs && node --check scripts/capture-m8-current-season-pa.mjs && node --check scripts/m8-capture-verification-utils.mjs && node --check scripts/verify-m8-current-season-pa.mjs && node --check scripts/m8-sharded-capture-utils.mjs && node --check scripts/capture-m8-current-season-pa-shards.mjs && node --check scripts/m8-partition-manifest-utils.mjs && node --check scripts/build-m8-chronological-partition-manifest.mjs && node --check scripts/m8-recency-evaluation-dataset-utils.mjs && node --check scripts/build-m8-recency-evaluation-dataset.mjs && node --check scripts/m8-hit-benchmark-dataset-utils.mjs && node --check scripts/build-m8-hit-benchmark-dataset.mjs && node --check scripts/m8-hit-recency-evaluation-utils.mjs && node --check scripts/evaluate-m8-hit-recency-candidates.mjs && node --check scripts/m8-hit-recency-walk-forward-utils.mjs && node --check scripts/evaluate-m8-hit-recency-walk-forward.mjs && node --check scripts/m8-categorical-pooling-utils.mjs && node --check scripts/evaluate-m8-categorical-pooling.mjs && node --check scripts/m8-categorical-pooling-boundary-utils.mjs && node --check scripts/evaluate-m8-categorical-pooling-boundary.mjs && node --check scripts/m8-coherent-categorical-matchup-utils.mjs && node --check scripts/evaluate-m8-coherent-categorical-matchup.mjs && node --check scripts/m8-context-play-capture-utils.mjs && node --check scripts/m8-opportunity-play-capture-plan-utils.mjs && node --check scripts/m8-opportunity-play-capture-run-utils.mjs && node --check scripts/capture-m8-opportunity-plays.mjs && node --check scripts/m8-stats-lineup-capture-utils.mjs && node --check scripts/capture-m8-stats-lineups.mjs && node --check scripts/m8-pa-survival-dataset-utils.mjs && node --check scripts/build-m8-pa-survival-dataset.mjs && node --check scripts/m8-pa-survival-evaluation-utils.mjs && node --check scripts/evaluate-m8-pa-survival-baselines.mjs && node --check scripts/m8-pa-survival-walk-forward-utils.mjs && node --check scripts/evaluate-m8-pa-survival-walk-forward.mjs && node --check scripts/m8-context-play-batch-utils.mjs && node --check scripts/bdl-adaptive-rate-limit-utils.mjs && node --check scripts/capture-m8-context-plays.mjs && node --check scripts/m8-context-play-signature-audit-utils.mjs && node --check scripts/m8-context-play-signature-audit-run-utils.mjs && node --check scripts/audit-m8-context-play-signatures.mjs && node --check scripts/m8-context-terminal-resolution-utils.mjs && node --check scripts/build-m8-context-terminal-resolution.mjs && node --check scripts/m8-resolved-categorical-dataset-utils.mjs && node --check scripts/build-m8-resolved-categorical-dataset.mjs && node --check scripts/m8-resolved-categorical-model-evaluation-utils.mjs && node --check scripts/evaluate-m8-resolved-categorical-model.mjs && node --check scripts/m8-resolved-categorical-walk-forward-utils.mjs && node --check scripts/evaluate-m8-resolved-categorical-walk-forward.mjs && node --check scripts/m8-resolved-categorical-platoon-utils.mjs && node --check scripts/evaluate-m8-resolved-categorical-platoon.mjs && node --check scripts/m8-resolved-categorical-platoon-boundary-utils.mjs && node --check scripts/evaluate-m8-resolved-categorical-platoon-boundary.mjs && node --check scripts/m8-resolved-categorical-platoon-walk-forward-utils.mjs && node --check scripts/evaluate-m8-resolved-categorical-platoon-walk-forward.mjs && node --check scripts/m8-resolved-categorical-rare-outcome-uncertainty-utils.mjs && node --check scripts/evaluate-m8-resolved-categorical-rare-outcome-uncertainty.mjs && node --check scripts/m8-resolved-categorical-hit-reliability-utils.mjs && node --check scripts/evaluate-m8-resolved-categorical-hit-reliability.mjs && node --check scripts/m8-resolved-categorical-rare-category-reliability-utils.mjs && node --check scripts/evaluate-m8-resolved-categorical-rare-category-reliability.mjs && node --check scripts/m8-resolved-categorical-hit-overdispersion-utils.mjs && node --check scripts/evaluate-m8-resolved-categorical-hit-overdispersion.mjs && node --check scripts/m8-5-team-bullpen-outcome-utils.mjs && node --check scripts/evaluate-m8-5-team-bullpen-outcome.mjs && node --check scripts/m9-board-archive-utils.mjs && node --check scripts/m9-board-archive-funnel-utils.mjs && node --check scripts/archive-m9-batter-hits-board.mjs && node --check scripts/capture-m11-hhr-respecified-evidence.mjs && node --check scripts/fit-m11-batter-hhr-respecified.mjs


> mlb-prop-analyzer-v3@0.0.0 check:m8-pa-survival-baseline-artifact
> node --check scripts/m8-pa-survival-baseline-artifact-utils.mjs && node --check scripts/build-m8-pa-survival-baseline-artifact.mjs


> mlb-prop-analyzer-v3@0.0.0 check:m8-team-offensive-environment-dataset
> node --check scripts/m8-team-offensive-environment-dataset-utils.mjs && node --check scripts/build-m8-team-offensive-environment-dataset.mjs


> mlb-prop-analyzer-v3@0.0.0 check:m8-shared-offensive-environment
> node --check scripts/m8-shared-offensive-environment-utils.mjs && node --check scripts/evaluate-m8-shared-offensive-environment.mjs


> mlb-prop-analyzer-v3@0.0.0 check:m8-shared-offensive-environment-walk-forward
> node --check scripts/m8-shared-offensive-environment-walk-forward-utils.mjs && node --check scripts/evaluate-m8-shared-offensive-environment-walk-forward.mjs


> mlb-prop-analyzer-v3@0.0.0 check:m8-shared-offensive-environment-artifact
> node --check scripts/m8-shared-offensive-environment-artifact-utils.mjs && node --check scripts/build-m8-shared-offensive-environment-artifact.mjs


> mlb-prop-analyzer-v3@0.0.0 check:m8-5-team-bullpen-outcome
> node --check scripts/m8-5-team-bullpen-outcome-utils.mjs && node --check scripts/evaluate-m8-5-team-bullpen-outcome.mjs


> mlb-prop-analyzer-v3@0.0.0 architecture
> depcruise --config .dependency-cruiser.cjs src test --exclude '^test/architecture/fixtures/'


✔ no dependency violations found (318 modules, 1008 dependencies cruised)


> mlb-prop-analyzer-v3@0.0.0 test
> npm run build && node --test "dist/test/**/*.test.js" "test/**/*.test.mjs"


> mlb-prop-analyzer-v3@0.0.0 build
> tsc

✔ protective architecture check rejects domain importing an adapter (811.065196ms)
✔ accepts observed nullable pitch metadata and maps the direct Strikeout result to K (4.894458ms)
✔ nullable pitch metadata does not weaken required terminal-result validation (1.507092ms)
✔ raw evidence accepts observed nullable pitch metadata and a present null result (4.149363ms)
✔ direct terminal classification does not depend on optional pitch metadata (2.055245ms)
✔ unrecognized pitcher handedness preserves the outcome but fails platoon readiness (1.169825ms)
✔ missing, unknown, and context-dependent results remain explicit and unresolved (0.396979ms)
✔ canonical terminal PA and baserunning categories remain separate (1.518272ms)
✔ all promoted BALLDONTLIE PA and play fixtures satisfy the raw schemas (81.456507ms)
✔ raw schemas preserve unknown provider fields and reject missing required fields (17.194047ms)
✔ play contracts preserve nullable identities and reject malformed pagination (3.034671ms)
✔ normalized terminal PA boundary accepts only canonical categories and explicit snapshot context (1.417673ms)
✔ verified direct BALLDONTLIE results map to exactly one canonical terminal category (7.670982ms)
✔ ambiguous fielder-choice and multi-out labels require explicit batter disposition (1.229157ms)
✔ compound strikeout and caught-stealing rows keep terminal and baserunning events separate (0.416295ms)
✔ unknown, canonical-looking raw labels, malformed context, and contradictory context fail closed (0.839603ms)
✔ all promoted PA rows produce one explicit deterministic state without OTHER_PA fallback (57.392676ms)
✔ historical Batter Hits snapshot renders without importing the active feature (1.876287ms)
✔ Batter Hits applies starter retention before hit-count convolution (5.697262ms)
✔ synthetic input cannot be mistaken for a provider offer and requires the shared GameScenarioSet (6.026291ms)
✔ exact opportunity-count mixing and shared scenario mixing conserve probability (6.994838ms)
✔ Higher and Lower use exact settlement, exchange win/loss mass, and preserve ties and voids (3.523543ms)
✔ baseline and alternate offers settle one identical Hits distribution (2.677658ms)
✔ generic candidate preserves identity, probabilities, versions, side, line, and shared scenario reference (2.506176ms)
✔ synthetic saved prediction is immutable after source inputs are mutated (3.692752ms)
✔ synthetic JSON output is deterministic and preserves side-aware historical fields (2.428348ms)
✔ disabled Batter Hits fails closed before any synthetic distribution builder can run (0.476739ms)
✔ probability validation rejects malformed mass and preserves valid vectors (2.061697ms)
✔ hitter survival converts to an exact opportunity-count distribution (0.474725ms)
✔ deterministic convolution conserves probability mass (0.337356ms)
✔ Poisson-binomial dynamic programming matches brute-force enumeration (0.537043ms)
✔ one guaranteed opportunity produces one exact Bernoulli distribution (0.293654ms)
✔ count mixing reproduces the canonical Batter Hits worked example (0.429871ms)
✔ count mixing requires one probability for every possible opportunity (0.189918ms)
✔ scenario mixing matches manual weighted calculations and validates weights (0.443887ms)
✔ identical inputs produce byte-for-byte identical deterministic distributions (0.513327ms)
✔ P(Win | grades) is exactly invariant to eligibility probability (1.109552ms)
✔ ranking preserves genuine probability differences smaller than 1e-12 (0.267935ms)
✔ Higher and Lower exchange win/loss mass while preserving tie and void mass (1.500058ms)
✔ half-point lines have no tie mass for integer-valued statistics (0.316577ms)
✔ fully void outcomes remain unrankable instead of producing NaN (1.218197ms)
✔ the canonical worked example produces the verified settlement values (0.621602ms)
✔ Higher decreases and Lower increases as the line rises (0.435211ms)
✔ an upward distribution shift helps Higher and hurts Lower (0.236837ms)
✔ ranking uses only P(Win | grades), then P(Void) (0.224213ms)
✔ invalid settlement inputs fail closed (0.309323ms)
✔ identical settlement inputs produce identical deterministic results (0.343097ms)
✔ a disabled feature cannot produce a prediction (0.997451ms)
✔ a not-yet-production-enabled feature cannot produce a prediction (0.157557ms)
✔ an enabled production feature passes the generic gate (0.231777ms)
✔ GameScenarioSet preserves shared lineup, home-away, environment, starter, bullpen, joint workload, and conserved weights (5.168164ms)
✔ accepted survival curves preserve separate raw and adjusted fields and convert exactly to counts (0.993443ms)
✔ any upward survival violation fails closed before count conversion (0.444659ms)
✔ a pre-adjusted curve cannot bypass the strict M6 survival gate (0.723343ms)
✔ scenario weights fail closed unless they conserve total probability (1.33123ms)
✔ lineup-slot survival is derived exactly and ignores exact trailing zero padding (0.297471ms)
✔ a slot curve with the right expectation but the wrong tail fails team-PA consistency (0.708566ms)
✔ joint workload marginals must match the stored starter and bullpen distributions (0.534137ms)
✔ matching workload expectations cannot hide impossible combined tails (0.878837ms)
✔ the same shared scenario moves hitter opportunity and outcome assumptions together (2.155764ms)
✔ feature inputs cannot substitute a contradictory game scenario set (1.382536ms)
✔ an immutable saved prediction renders after its feature implementation is absent (1.693572ms)
✔ High Probability Altline admits only alternate offers (1.669668ms)
✔ Altline order is final P(Win | grades), then P(Void) only (0.407959ms)
✔ Altline keeps one prop per player using the canonical comparator (0.230805ms)
✔ price, multiplier, and priceEdge cannot alter Altline order (0.36074ms)
✔ Altline selection preserves the original candidate and probabilities (0.27008ms)
✔ High Probability Baseline admits only baseline offers (1.713341ms)
✔ Baseline order is final P(Win | grades), then P(Void) only (0.446552ms)
✔ Baseline keeps one prop per player using the canonical comparator (0.242627ms)
✔ price, multiplier, and priceEdge cannot alter Baseline order (0.331165ms)
✔ Baseline selection preserves the original candidate and probabilities (0.323931ms)

--- M10 HISTORICAL SAVED RUN OUTPUT ---
RUN ID: m10-historical-run-20260805
STATUS: historical
ACTIVE FEATURE IMPORTS: 0
FEATURE ID: removed-batter-hits-feature-v99
FEATURE SCHEMA: 99
opportunity-miner-favorites	1	Historical Higher	higher	0.5	0.5700000000000001	0
high-probability-baseline-props	1	Historical Higher	higher	0.5	0.5700000000000001	0
high-probability-altline-props	1	Historical Lower	lower	1.5	0.5800000000000001	0
PRODUCTION: DISABLED
RANKING: DISABLED
--- END M10 HISTORICAL SAVED RUN OUTPUT ---
✔ a complete saved run renders after its active feature implementation is absent (5.784947ms)
✔ historical rendering preserves exact identities, sides, probabilities, and diagnostic labels (2.046138ms)
✔ American-price implied probability is correct for negative and positive prices (1.361727ms)
✔ Opportunity Miner eligibility requires priceEdge strictly greater than the versioned threshold (1.23046ms)
✔ within Opportunity Miner, order is final P(Win | grades), then P(Void) only (0.399032ms)
✔ a higher priceEdge cannot improve Opportunity Miner rank (0.349649ms)
✔ multiplier is preserved unchanged and never converted (0.28662ms)
✔ Opportunity Miner keeps one prop per player using only the canonical comparator (1.153555ms)
✔ adding Opportunity Miner diagnostics leaves every model probability unchanged (0.253508ms)
✔ the exact August 5 live archive projection yields only Buddy Kennedy, Grant McCray, and Yainer Diaz (0.950292ms)

--- M10 SAVED RUN GRADING OUTPUT ---
RUN ID: m10-historical-run-20260805
GRADING VERSION: m10-saved-run-batter-hits-grading-v1
PROVIDER: balldontlie-mlb
JOIN: EXACT providerGameId + providerPlayerId
GAME STATUS: STATUS_FINAL ONLY
STATISTIC: official Hits
opportunity-miner-favorites	1	Historical Higher	5059401	2001	higher	0.5	1	win	0.5700000000000001
high-probability-baseline-props	1	Historical Higher	5059401	2001	higher	0.5	1	win	0.5700000000000001
high-probability-altline-props	1	Historical Lower	5059402	2002	lower	1.5	1	win	0.5800000000000001
GRADED: 3
WINS: 3
LOSSES: 0
VOIDS: 0
WIN RATE GIVEN GRADES: 1
ACTIVE FEATURE IMPORTS: 0
PRODUCTION: DISABLED
RANKING: DISABLED
--- END M10 SAVED RUN GRADING OUTPUT ---
✔ observed Hits settle Higher and Lower symmetrically with exact ties void (1.358291ms)
✔ BALLDONTLIE final Hits normalization joins only exact game and player identities (5.499729ms)
✔ BALLDONTLIE grading evidence fails closed for non-final, missing, duplicate, or malformed rows (1.849677ms)
✔ versioned grading preserves archived probabilities and grades category overlap independently (3.422673ms)
✔ saved-run grading uses no active feature implementation and prints literal track-record evidence (2.60935ms)
✔ saved run preserves complete immutable lineage for every category pick (3.693384ms)
✔ saved-run validation fails closed on missing lineage, unknown evidence, and category duplicates (1.001839ms)

--- M10 SAVED RUN STORAGE OUTPUT ---
RUN ID: m10-run-20260805-160217812
FILE: runs/m10-run-20260805-160217812.json
BYTE LENGTH: 6288
FILE SHA-256: b16b2e63f4c8df698efa1de9642d8a89df3a6333690a48b2ba4b70b5c52bc214
CATEGORIES: 3
PICKS: 3
LINEAGE: COMPLETE
ATOMIC OVERWRITE: REFUSED
TEMP FILES: 0
PRODUCTION: DISABLED
RANKING: DISABLED
--- END M10 SAVED RUN STORAGE OUTPUT ---
✔ atomic persistence publishes exact bytes, refuses overwrite, and leaves no temporary file (31.319317ms)
✔ two distinct saved-run identities persist independently (7.903076ms)
✔ Top Five returns exactly the first five when more than five are eligible (1.581251ms)
✔ Top Five returns all eligible picks when fewer than five exist (0.253217ms)
✔ the same player may appear in Top Five for different categories (0.37667ms)
✔ Top Five selection preserves object identity and every probability (0.322208ms)
✖ HHR artifact is one direct Family B offset fit using all seven inputs with production closed (4.706573ms)
✖ HHR retained diagnostics pass VIF, lineup magnitude, quality-spread, and exclusion conservation gates (5.256901ms)
✖ HHR direct analytic distribution conserves mass and remains side independent (3.428574ms)
✖ HHR Higher falls and Lower rises across the 0.5 through 3.5 ladder (2.788177ms)
✖ every captured baseline and alternate offer preserves its line and settles from one distribution (3.429145ms)
✖ HHR fails closed on missing canonical inputs, malformed vectors, unsupported lines, and side-bearing artifacts (4.185285ms)
✔ production registries are explicit, frozen, and keep Batter Hits and HHR disabled (1.714362ms)
✔ a still-planned market cannot produce or rank a prediction (0.317569ms)
✔ implemented but disabled Batter Hits cannot produce or rank a prediction (0.167385ms)
✔ implemented but disabled HHR cannot produce or rank a prediction (0.240844ms)
✔ an unknown market receives no fallback registration (0.209034ms)
✔ a not-yet-production-enabled market cannot reach ranking (0.194827ms)
✔ an unvalidated distribution builder cannot reach ranking (0.165652ms)
✔ a disabled registered feature cannot produce a prediction (0.553373ms)
✔ a missing settlement rule cannot produce a prediction (0.409212ms)
✔ a settlement rule for the wrong official statistic cannot authorize a prediction (3.607271ms)
✔ a fully validated synthetic market receives an immutable authorization (0.27617ms)
✔ exact provider venue survives BALLDONTLIE normalization byte-for-byte (5.408678ms)
✔ surrounding whitespace and null bytes fail closed through final runtime composition (376.962616ms)
✔ an absent provider venue leaves D_final unchanged because park remains not applied (443.842093ms)
✔ typed factor contract exposes every approved non-identity baseball effect kind (4.688459ms)
✔ every factor defaults to one explicit disabled identity effect (0.550718ms)
✔ selected-side and direct-probability fields fail closed (0.976451ms)
✔ wrong season, unknown factor keys, missing evidence, and hash drift fail closed (0.738141ms)
✔ effect schemas conserve their own probability structures and reject malformed payloads (1.026986ms)
✔ identical versioned factor inputs produce identical deterministic artifacts (0.451612ms)
✔ committed Defense identity artifact is deterministic and restricted to approved BIP categories (2.911779ms)
✔ canonical D_final applies environment and bullpen while recording TTO identity and park not applied (275.056317ms)
✔ runtime venue is not resolved or applied when building D_final (211.739607ms)
✔ D_final with no applied effects equals D_base exactly (107.246728ms)
✔ bullpen-only D_final differs from D_base, conserves mass, and one D_final settles baseline and alternate offers (113.307143ms)
✔ factor artifact hash drift fails closed even when park is not applied (94.462735ms)
✔ an upward D_final shift helps Higher and hurts Lower under exact settlement (216.174875ms)
✔ contextProbabilityDelta is diagnostic and cannot alter ranking order (129.288203ms)
✔ M8.5 final evaluation preserves complete lineage and exact final settlement (162.624163ms)
✔ one immutable D_final settles baseline and alternate Higher or Lower offers without rebuilding (123.511689ms)
✔ M8.5 final evaluation fails closed on source, factor, scenario, or hash drift (127.94469ms)
✔ resolves one deterministic game-specific mixture over the exact shared scenario set (5.563519ms)
✔ game features move only shared scenario weights and preserve scenario identity (1.256499ms)
✔ scenario drift, feature drift, selected-side input, and source drift fail closed (1.748647ms)
✔ model artifact hash drift and malformed coefficient coverage fail closed (0.577859ms)
✔ validated game-specific weights preserve one shared scenario set and jointly move opportunity and Hits mixtures (186.209105ms)
✔ baseline Higher and alternate Lower reuse one identical game-adjusted D_final (96.14622ms)
✔ game-specific runtime composition fails closed on side input, game drift, scenario drift, source drift, and artifact drift (49.85865ms)
✔ omitting park reproduces the frozen distribution exactly (136.55104ms)
✔ a real venue-hand park multiplier set moves the statistic distribution (98.175335ms)
✔ park applies to both starter and reliever branches (154.097548ms)
✔ an unknown venue fails closed (69.135521ms)
✔ a non-identity multiplier on an omitted category fails closed (55.912499ms)
✔ resolves one exact provider venue and batter hand without selected-side input (11.667971ms)
✔ applies the park multiplier to the terminal vector and renormalizes once (5.624143ms)
✔ fails closed on unknown venues, selected-side fields, aliases, and incomplete mappings (4.118345ms)
✔ rejects effect-index drift, wrong hand mapping, and artifact hash drift (2.025218ms)
✔ identical park inputs produce one deterministic wrapper identity (2.632653ms)
✔ committed M8.5 successor freeze deterministically locks every factor disposition before untouched testing (80.99308ms)
✔ successor freeze hash drift fails closed (34.86285ms)
✔ source factor artifact hash drift fails closed (33.633472ms)
✔ post-freeze coefficient changes fail closed before a new untouched cohort can be read (29.057665ms)
✔ omitting the team bullpen override reproduces the frozen distribution exactly (139.079789ms)
✔ a team-specific bullpen vector moves the statistic distribution (98.408013ms)
✔ a malformed bullpen override fails closed (87.111022ms)
✔ resolves one exact opposing-team and pitcher-hand terminal vector without side input (3.753526ms)
✔ a disabled team bullpen factor resolves to explicit identity (0.537244ms)
✔ wrong factor, missing team-hand pairs, duplicates, and unknown teams fail closed (4.416397ms)
✔ committed TTO identity artifact is deterministic and preserves the real evaluation decision (2.932159ms)
✔ observed baseline and alternate offer attributes reuse one statistic distribution for identical player and game inputs (168.279518ms)
✔ normalizes committed Underdog baseline and alternate offers with exact side and line identity (11.298241ms)
✔ fails each event-scoped player with zero or multiple identity matches closed (3.968271ms)
✔ rejects unsupported side and non-null source IDs instead of inventing contracts (1.75013ms)
✔ public Batter Hits candidate probabilities come from exact settlement of D_final (313.882278ms)
✔ a real p_final difference is reported diagnostically while candidate probabilities use p_final (233.937899ms)
✔ baseline and alternate offers for one player and game settle one identical D_final (416.463021ms)
✔ factor artifact hash drift fails closed before a candidate exists (101.187137ms)
✔ missing or unvalidated frozen factors fail closed with no D_base fallback (168.208771ms)
✔ identical inputs produce deterministic final output while production and ranking remain disabled (349.719375ms)
✔ projected and confirmed versions of one active lineup produce identical final probabilities (539.258893ms)
✔ M8 base evaluation remains audit-only while public output preserves it beside D_final (300.852161ms)
✔ M8 base distribution is projected-status invariant and rejects contract tampering (170.620725ms)
✔ connects the exact frozen Batter Hits runtime artifact while ranking stays disabled (32.956669ms)
✔ rejects a changed frozen component before it can enter composition (35.270578ms)
✔ all linked baseline and alternate offers preserve exact posted side and line through both public board boundaries (18.496092ms)
✔ final-game exclusion retains each normalized offer side and line unchanged (3.823579ms)
✔ scheduled pregame offers survive with exact selected side and line identity (13.861935ms)
✔ a final matched game excludes every offer before ranking (4.918162ms)
✔ the earlier preserved provider start time is a strict pregame cutoff (2.76865ms)
✔ unknown or missing matched game state fails closed (2.685744ms)
✔ order depends only on final P(Win | grades), then P(Void) (3.519906ms)
✔ a candidate with higher p_base but lower p_final ranks below (0.230274ms)
✔ a higher multiplier or better price cannot improve rank (0.27074ms)
✔ identical p_final ties break only on P(Void) (0.276782ms)
✔ a candidate with no validated distribution cannot enter ranking (0.384215ms)
✔ a disabled or not-yet-production-enabled market cannot rank (0.290838ms)
✔ a null pWinGivenGrades is excluded before sorting (0.27553ms)
✔ identical inputs produce deterministic stable order for exact ties (0.479875ms)
✔ a B/R hitter resolves against a verified starter while preserving the raw declaration (1.535354ms)
✔ a switch hitter fails closed without a verified opposing starter hand (0.4879ms)
✔ declared L and R hitters retain the existing resolved side and platoon path (0.197984ms)
✔ the committed switch hitters normalize deterministically and remain on the frozen coherent path (15.946886ms)
✖ every base-market key has exactly one canonical production-source declaration (5.494319ms)
✔ implemented Batter Hits and HHR remain disabled and fail closed for production (0.870982ms)
✔ duplicate ownership across the planned catalog and a feature manifest is rejected (0.476077ms)
✔ starter retention converts slot turns into the named hitter PA distribution (4.452655ms)
✔ named hitter derivation preserves slot turns separately and rejects mismatched retention identity (2.753922ms)
✔ projected and confirmed lineup metadata produce identical named hitter distributions (2.021851ms)
✔ projected and confirmed versions of the same lineup produce identical model assumptions (5.402546ms)
✔ the domain preserves exactly Higher and Lower as selected sides (1.493696ms)
✔ derives safe pacing from official BALLDONTLIE rate-limit headers (1.166509ms)
✔ supports observed legacy request counters only when they imply a known tier (0.282603ms)
✔ falls back conservatively when no recognized rate headers are present (0.211058ms)
✔ paces subsequent requests and waits through an exhausted reset window (1.927153ms)
✔ honors Retry-After and clears the pending retry after waiting (0.470698ms)
✔ canonical Family B guardrails remain synchronized across authorities (5.56962ms)
✔ category output is pinned to the exact real archive and remains production-disabled (7.983181ms)
✔ the real archive yields the approved Top Five for all three categories (1.012088ms)
✔ category rows preserve archived probabilities and expose price edge as diagnostic only (0.431253ms)
✔ each category is ordered only by final probability then void probability and overlap is allowed (0.242186ms)

--- M10 REAL ARCHIVE CATEGORY OUTPUT ---
M10 Category Top Five — Real Archived Board
PRODUCTION RANKING: DISABLED
SOURCE CAPTURE: 20260805T160217812Z--235bac8c330999cccfe86b6037a1007eb06f8ec23d1aacdbc3131a70d18db353
SOURCE ARCHIVE SHA-256: f817216794f98b3c842170507f10fa0c40526f67f1cdc08084188388e5ca5b26
SOURCE OFFERS: 78
PRICE EDGE: DIAGNOSTIC ONLY — NEVER A RANKING OR TIEBREAK QUANTITY

Opportunity Miner Favorites
ELIGIBLE: 3 | TOP FIVE RETURNED: 3
RANK	PLAYER	SIDE	LINE	OFFER TYPE	P(WIN|GRADES)	P(VOID)	P_BASE	CONTEXT_DELTA	AMERICAN PRICE	MULTIPLIER	POSTED IMPLIED PROBABILITY	PRICE EDGE [DIAGNOSTIC ONLY]
1	Buddy Kennedy	higher	0.5	alternate	0.600286798863	0.000000000000	0.588418731267	0.011868067596	-108	1.11	0.519230769231	0.081056029632
2	Grant McCray	higher	0.5	baseline	0.595720567974	0.000000000000	0.583822969962	0.011897598012	-137	1	0.578059071730	0.017661496244
3	Yainer Diaz	lower	0.5	alternate	0.431990876837	0.000000000000	0.426647898862	0.005342977975	146	1.42	0.406504065041	0.025486811797

High Probability Baseline Props
ELIGIBLE: 3 | TOP FIVE RETURNED: 3
RANK	PLAYER	SIDE	LINE	OFFER TYPE	P(WIN|GRADES)	P(VOID)	P_BASE	CONTEXT_DELTA	AMERICAN PRICE	MULTIPLIER	POSTED IMPLIED PROBABILITY	PRICE EDGE [DIAGNOSTIC ONLY]
1	Grant McCray	higher	0.5	baseline	0.595720567974	0.000000000000	0.583822969962	0.011897598012	-137	1	0.578059071730	0.017661496244
2	Andres Gimenez	higher	0.5	baseline	0.568533835047	0.000000000000	0.568668850515	-0.000135015469	-137	1	0.578059071730	-0.009525236683
3	Hunter Feduccia	higher	0.5	baseline	0.522265098514	0.000000000000	0.533189123902	-0.010924025388	-137	1	0.578059071730	-0.055793973216

High Probability Altline Props
ELIGIBLE: 36 | TOP FIVE RETURNED: 5
RANK	PLAYER	SIDE	LINE	OFFER TYPE	P(WIN|GRADES)	P(VOID)	P_BASE	CONTEXT_DELTA	AMERICAN PRICE	MULTIPLIER	POSTED IMPLIED PROBABILITY	PRICE EDGE [DIAGNOSTIC ONLY]
1	Jose Altuve	lower	1.5	alternate	0.781834546338	0.000000000000	0.776146973851	0.005687572487	-471	0.7	0.824868651489	-0.043034105151
2	Shohei Ohtani	lower	1.5	alternate	0.730642839845	0.000000000000	0.720106025329	0.010536814515	-435	0.71	0.813084112150	-0.082441272305
3	Jeremy Pena	lower	1.5	alternate	0.718832931316	0.000000000000	0.712852132716	0.005980798600	-355	0.74	0.780219780220	-0.061386848904
4	Nathan Lukes	higher	0.5	alternate	0.689128540839	0.000000000000	0.688863034219	0.000265506620	-248	0.81	0.712643678161	-0.023515137322
5	Yordan Alvarez	lower	1.5	alternate	0.684281310445	0.000000000000	0.677652308387	0.006629002058	-435	0.71	0.813084112150	-0.128802801704
--- END M10 REAL ARCHIVE CATEGORY OUTPUT ---
✔ the existing CLI prints all required columns without implementing probability or ranking math (6.85298ms)
✔ exact August 5 projection preserves 78 archived identities and three exact games (7.541719ms)
✔ real archive report grades all 78 picks through exact final Hits evidence and core settlement (10.711241ms)
✔ scheduled, live, postponed, or unknown game state fails the entire archive closed (8.622767ms)
✔ missing, duplicate, or unexpected player-game stats identities fail closed (3.45293ms)
✔ grade persistence is immutable and never changes the archive projection (10.862139ms)
✔ workflow has a timeout and always uploads report evidence and the full log (1.345216ms)
✔ scheduled archive verification authenticates immutable bytes and rejects drift (5.420319ms)
✔ scheduled status gate grades only exact STATUS_FINAL games and skips every other state (1.7824ms)
✔ scheduled report settles through core and calibration buckets conserve every pick (9.034223ms)
✔ scheduled report refuses a live game before settlement or grading (1.096087ms)
✔ grade persistence is separate and leaves verified archive bytes unchanged (14.978751ms)
✔ daily capture and final-only grading workflows are scheduled, bounded, cached, and always upload evidence (2.022353ms)
✔ new scheduled grading scripts pass Node syntax checking (52.557852ms)
✔ headline performance uses one p_final >= 0.5 side per complementary prop (10.718218ms)
✔ complementary all-row output is labeled structurally forced and never performance (0.846406ms)
✔ Opportunity Miner is derived through the canonical positive-edge selector and reported separately (1.246901ms)
✔ an exact 50/50 complementary pair fails closed instead of double-selecting (0.598738ms)
✔ cumulative selected-side metrics conserve running totals and bucket counts across archives (2.237769ms)
✔ cumulative grading rejects duplicate archive identities (0.852277ms)
✔ scheduled workflow builds cumulative selected-side evidence and keeps always-on uploads and timeout (13.914564ms)
✔ archive bootstrap, selected-side, and cumulative grading scripts pass Node syntax checking (79.977144ms)

--- M11 BATTER HITS BYTE IDENTITY PROOF ---
BASE MAIN SHA: 7e9e2628c4cd8174463786f3eadec2fa2ce83da5
EXPECTED BYTE LENGTH: 43943
ACTUAL BYTE LENGTH: 43943
EXPECTED SHA-256: 70247b111932202efac839874905a62c43fe30a2df886be80f88b9eb4a4eca59
ACTUAL SHA-256: 70247b111932202efac839874905a62c43fe30a2df886be80f88b9eb4a4eca59
DISTRIBUTIONS COMPARED: 34
ALTERNATE SETTLEMENTS COMPARED: 28
RANKED ROWS COMPARED: 34
BYTE IDENTICAL: true
--- END M11 BATTER HITS BYTE IDENTITY PROOF ---
✔ M11 step 1 preserves Batter Hits distributions, alternate settlements, and ranked output byte for byte (6289.862636ms)
✔ M11 HHR attempt 2 encodes the corrected gate, standardized scale, and leakage-safe expanded window (8.14856ms)
✔ HHR historical starter source imports the shared M8 PA-order recovery and fails closed (1.089012ms)
✔ builds pregame features only from strictly earlier current-season games (11.34167ms)
✔ same-date games cannot leak outcomes into each other (0.919573ms)
✔ a game outcome cannot alter its own features but can alter later-date features (1.835741ms)
✔ excluded-game offensive values never enter chronological features (0.759652ms)
✔ input ordering is deterministic and untouched-test payloads fail closed (0.908513ms)
✔ validates a genuine pregame signal in fixed holdout and walk-forward evaluation (464.382626ms)
✔ identical shared scenarios produce an explicit no-signal decision (304.663394ms)
✔ later validation outcomes cannot alter an earlier walk-forward fold (767.167078ms)
✔ tampered evidence and untouched-test exposure fail closed (377.401741ms)
✔ game-specific offensive-environment executable scripts pass node syntax checking (78.741784ms)
✔ locks the validated real M8.5 game offensive-environment artifact and safety boundary (4.998913ms)
✔ categorical proper-score dominance requires no-worse log loss and Brier with one strict improvement (1.094272ms)
✔ proper-score sign disagreement keeps both candidates nondominated (8.838662ms)
✔ fails closed when fixed and walk-forward nondominated sets have no common candidate (0.364177ms)
✔ selects the strongest finite pooling candidate in the stable intersection (1.088652ms)
✔ treats identity as the infinite-pooling limit and selects it when stable (0.293944ms)
✔ Hit diagnostic changes cannot alter canonical candidate selection (0.312248ms)
✔ reproduces deterministic coherent and selected-platoon base distributions without side input (6.998713ms)
✔ keeps a switch hitter on the coherent base path instead of inventing platoon evidence (0.874899ms)
✔ rejects selected-side and direct-probability inputs instead of silently ignoring them (0.553223ms)
✔ fails closed when an exact raw matchup cell lacks category support (0.515051ms)
✔ fails closed on handedness eligibility drift and duplicate observation identity (0.403992ms)
✔ M8.5 park frozen-base prediction scripts pass node syntax checking (53.921486ms)
✔ builds a deterministic chronological park dataset from exact venue and frozen-base lineage (64.611371ms)
✔ fails closed on parity identity drift, missing venue evidence, and exposed untouched rows (12.239002ms)
✔ scripts/m8-5-park-candidate-selection-utils.mjs passes node syntax checking (28.112104ms)
✔ scripts/m8-5-park-model-utils.mjs passes node syntax checking (26.056088ms)
✔ scripts/evaluate-m8-5-park-model.mjs passes node syntax checking (24.210649ms)
✔ selects a handedness- and outcome-specific venue residual through canonical fixed and walk-forward frontiers (20.455801ms)
✔ retains the identity infinite-pooling limit when venue outcomes match frozen base probabilities (13.910182ms)
✔ rejects selected-side fields, direct probability fields, chronology drift, and unverified venues (3.475311ms)
✔ authenticates current boundary bytes separately from preserved historical lineage bytes (2.615321ms)
✔ rejects swapped or drifted coherent, boundary, and derived identities (0.830866ms)
✔ rejects tampered current boundary bytes even when historical bytes remain preserved (0.523737ms)
✔ rejects malformed serialized evidence and unsupported versions (0.615269ms)
✔ locks the validated real M8.5 park artifact, exact venue coverage, and safety boundary (7.740801ms)
✔ preserves exact provider venue identity and authorizes only the evidence path (10.411066ms)
✔ keeps multiple exact venue names for one home team separate instead of inventing aliases (0.367803ms)
✔ fails the park path closed when exact provider venue identity is missing or repaired text would be required (0.400996ms)
✔ is deterministic regardless of capture and manifest ordering (0.744243ms)
✔ rejects wrong-season, nonfinal, and identity-drifted games (0.767567ms)
✔ rejects any manifest or capture that exposes untouched-test rows (1.281656ms)
✔ M8.5 park venue evidence scripts pass node syntax checking (53.616041ms)
✔ selects the resolved and team-environment pair whose rebuilt workload dataset matches frozen lineage (10.731451ms)
✔ fails closed when no resolved dataset matches frozen workload lineage (0.810908ms)
✔ fails closed when frozen-lineage evidence has multiple team-environment identities (1.47436ms)
✔ joins each bullpen PA to the opposing pitching team without changing workload evidence (13.260239ms)
✔ chronological validation selects a pooled team signal while preserving frozen hand weights (4.527055ms)
✔ factor effects are team-and-hand terminal vectors and contain no side or probability shortcut (3.96786ms)
✔ no validation improvement keeps the factor explicit identity instead of forcing team movement (1.638809ms)
✔ missing team-game identity and exposed untouched rows fail closed (0.872255ms)
✔ uses excluded games for verified team identity only while rejected offensive values stay excluded (10.616524ms)
✔ duplicate included and excluded identity for one team-game fails closed (0.850032ms)
✔ nonreciprocal excluded-game team identities fail closed (0.36042ms)
✔ locks the validated real M8.5 team-bullpen factor artifact and safety boundary (6.963288ms)
✔ M8.5 times-through-order executable scripts pass node syntax checking (54.619159ms)
✔ assigns exact starter exposures and preserves the separate starter-to-bullpen transition (91.841407ms)
✔ selects a repeated-starter-exposure signal while first exposure remains exact identity (65.471467ms)
✔ retains the identity limit when exposure outcome distributions are identical (56.886853ms)
✔ fails closed on selected-side input, exposed untouched rows, hash drift, and starter reappearance (66.442057ms)
✔ locks the immutable one-time M8.5 untouched acceptance result and safety boundary (6.815689ms)
✔ scores D_final and D_base on identical Hits-count observations with diagnostics separated (2.127862ms)
✔ does not claim dominance when D_final worsens one primary proper score (0.252496ms)
✔ fails closed on duplicate observation identity or malformed probability mass (0.534096ms)
✔ creates and verifies one immutable acceptance artifact with the explicit small-cohort limitation (1.275003ms)
✔ ignores an unrelated postponed snapshot row but rejects a selected unfinished game (0.956453ms)
✔ one-time acceptance runner passes Node syntax checking (25.669303ms)
✔ reserves the deterministic July 26+ cohort, preserves raw gameDate, and never opens missing PA payloads (18.381987ms)
✔ fails closed on a malformed provider gameDate timestamp (6.124786ms)
✔ fails closed when gameDate resolves to a different UTC calendar date (5.611539ms)
✔ accepts legitimate recaptures with identical game metadata and deduplicates by gameId (5.206555ms)
✔ fails closed on contradictory metadata for the same gameId (5.323466ms)
✔ skips capture manifests that do not carry the dateCaptures contract (5.584769ms)
✔ skips wholly pre-window legacy manifests before strict snapshot hash validation (6.113875ms)
✔ skips a pre-window truncated pilot but rejects an eligible truncated manifest (7.266919ms)
✔ fails closed when an eligible manifest omits its saved games snapshot hash (4.244963ms)
✔ reserves the available contiguous run when it ends before latestDate (5.207397ms)
✔ fails closed when the required July 26 first date has no complete capture metadata (4.289457ms)
✔ keeps the boundary evaluation with lower categorical log loss and marks the other stale (2.144002ms)
✔ rejects boundary evaluations from different validation cohorts (0.523587ms)
✔ accepts duplicate files that contain one identical artifact hash (7.651364ms)
✔ rejects duplicate-looking files with different internal identities (0.221727ms)
✔ freezes deterministic selected-component evidence without test access (13.163286ms)
✔ identity components leave synthetic terminal PA vectors unchanged (1.072883ms)
✔ rejects a disguised fitted adjustment or exposed untouched rows (1.953182ms)
✔ final M8 Batter Hits gate scripts pass node syntax checking (106.634822ms)
✔ frozen M8 Batter Hits scripts pass node syntax checking (52.594432ms)
✔ accepts only the predeclared environment effect and sealed test boundary (1.471323ms)
✔ rejects post-freeze coefficient or hash changes (0.70003ms)
✔ complete M8 Batter Hits candidate script passes node syntax checking (26.717528ms)
✔ starter retention reduces only the named hitter tail while preserving probability (1.804802ms)
✔ the complete candidate mixes starter and bullpen outcomes and conserves hit mass (4.663802ms)
✔ freezes one complete validation-selected candidate and rejects tampering (14.839806ms)
✔ verifies a complete non-truncated current-season capture (11.67171ms)
✔ rejects a tampered saved snapshot (5.325182ms)
✔ rejects truncated evidence (3.425768ms)
✔ rejects manifest count drift (3.989047ms)
✔ rejects a provider secret even when hashes match (4.019641ms)
✔ selects the exact league-only limit when identity deviations contain no later validation signal (13.985226ms)
✔ selects a finite pooling strength when identity deviations persist into validation (10.109452ms)
✔ is deterministic and uses the identical validation observation identities for finite and league-only candidates (16.188639ms)
✔ rejects a source dataset that exposes untouched-test rows (3.573357ms)
✔ pools one complete categorical vector and maps an unseen identity exactly to the current-season league target (1.939556ms)
✔ sparse identities remain closer to the league target while large samples approach their raw categorical rates (0.429019ms)
✔ rejects a second shrinkage pass instead of accepting an already pooled estimate as raw counts (0.486947ms)
✔ selects pooling strength from one identical later-validation cohort (2.614829ms)
✔ fails closed when validation contains a terminal category with no current-season fit support (0.327547ms)
✔ rejects a source dataset that exposes untouched-test rows (10.850707ms)
✔ returns the league vector when both pooled effects are neutral (1.869734ms)
✔ reproduces one pooled parameter exactly when the other effect is neutral and its coefficient is one (1.354263ms)
✔ coefficient zero removes that factor exactly and positive weight moves the matching category directionally (0.380166ms)
✔ rejects estimates that did not come directly from exactly one pooling pass (0.47713ms)
✔ selects coherent batter and pitcher coefficients from one identical later-validation cohort (4.0369ms)
✔ rejects any source dataset that exposes untouched-test rows (12.410587ms)
✔ selects only the requested number of first missing games in plan order (1.920651ms)
✔ zero batch limit selects every missing game (0.255612ms)
✔ marks completion only when the selected batch covers every remaining game (0.391789ms)
✔ rejects duplicate, unplanned, and invalid game identities or limits (0.564164ms)
✔ plans only fit-validation context-required games deterministically while test remains sealed (18.315618ms)
✔ collects every cursor page in strict global play order (0.951965ms)
✔ fails closed on cursor loops, duplicate orders, and cross-game rows (4.110299ms)
✔ promotes and re-verifies one complete game capture and detects tampering (10.24457ms)
✔ rejects any source dataset that exposes untouched-test rows (2.817962ms)
✔ closes a missing-end batter block at the next verified batter start (2.102794ms)
✔ closes the final missing-end batter block at capture end without inventing a result (0.362283ms)
✔ closes a batter block before non-batter inning markers enter its evidence (0.27529ms)
✔ segments complete batter blocks while preserving non-batter inning markers and null-batter events (1.640684ms)
✔ conserves unique, multiple, and zero matches without inferring a disposition or terminal category (9.615437ms)
✔ verifies the frozen capture and produces a deterministic no-mapping audit (17.397529ms)
✔ rejects a tampered captured play page before producing signatures (8.090553ms)
✔ rejects any dataset or capture that exposes untouched-test rows (6.550349ms)
✔ maps exact typed provider markers into canonical FC, BIP_OUT, and K categories (1.753987ms)
✔ keeps caught stealing in the baserunning layer even without a unique batter segment (0.263928ms)
✔ leaves zero and multiple segment matches unresolved for terminal outcomes (0.333379ms)
✔ fails closed on markerless and conflicting exact terminal evidence (0.448626ms)
✔ does not infer a terminal category from play-result text (0.200708ms)
✔ builds a deterministic conserved artifact while the untouched test stays sealed (11.208751ms)
✔ rejects a tampered audit and any exposed untouched-test rows (0.725999ms)
✔ builds a deterministic Hit/No-Hit benchmark while conserving all source rows and sealing test (19.982678ms)
✔ maps every evidence-backed contextual terminal result to binary No Hit without assigning a terminal category (3.711761ms)
✔ excludes context-required caught stealing as baserunning-only evidence (2.734632ms)
✔ fails closed when a context-required label is not evidence-backed as binary No Hit (3.220194ms)
✔ rejects duplicate observation identities across fit and validation (5.706397ms)
✔ rejects any source dataset that includes untouched-test rows (2.080643ms)
✔ selects a recent-signal half-life from later validation without clipping or pooling (12.556351ms)
✔ uses one fixed cohort and explicitly excludes unseen or single-class histories (12.723036ms)
✔ rejects any benchmark that exposes untouched-test rows (3.951179ms)
✔ rejects a validation period with no usable batter-pitcher cohort rather than smoothing it (2.818584ms)
✔ selects recent weighting across expanding daily folds without future leakage (31.640185ms)
✔ earlier validation outcomes may unlock later folds but never the same fold (7.923738ms)
✔ rejects duplicate observation identities across source periods (3.156942ms)
✔ rejects any benchmark that exposes untouched-test rows (2.486181ms)
✔ plans every fit-validation game deterministically while preserving source provenance and sealing test (18.641152ms)
✔ rejects exposed untouched-test rows (3.818599ms)
✔ rejects cross-period game identity and inconsistent snapshot provenance (5.377404ms)
✔ writes and reuses one exact capture plan while rejecting plan drift (18.174031ms)
✔ builds deterministic partial progress and a complete conserved manifest (2.923081ms)
✔ promotes and verifies an opportunity-specific game capture (10.886192ms)
✔ rejects capture identity drift and inconsistent progress accounting (0.586625ms)
✔ freezes the agreed 18-group PA-survival baseline deterministically (13.438394ms)
✔ rejects disagreement between holdout and walk-forward selection (0.679742ms)
✔ rejects a fitted survival curve that does not reconstruct its PMF (0.379776ms)
✔ rejects any untouched-test row payload (0.411826ms)
✔ uses direct PA totals and retains component mismatches as audit metadata (10.44998ms)
✔ excludes incomplete games and explicitly excludes missing, duplicate, and null starter stats (1.550233ms)
✔ preserves fit-validation chronology and deterministic identity (2.217331ms)
✔ rejects exposed untouched-test rows (0.56759ms)
✔ survival conversion is exact and monotone by construction (1.207676ms)
✔ fit-only slot-home-away model wins when validation follows fit structure (8.000686ms)
✔ validation outcomes do not alter fitted selected-model curves (4.34974ms)
✔ fails closed for unsupported validation counts and exposed untouched rows (0.912951ms)
✔ builds expanding daily folds and aggregates identical cohorts (11.54795ms)
✔ produces deterministic identity for identical inputs (1.479299ms)
✔ rejects exposed untouched-test rows (0.501886ms)
✔ rejects non-chronological fit and validation periods (0.29137ms)
✔ builds a deterministic verified fit-validation-test evidence manifest (23.728997ms)
✔ rejects overlaps, gaps, and dates outside the active season (0.886952ms)
✔ rejects shard count drift after verification (7.491239ms)
✔ rejects provider-secret exposure in a shard manifest (8.365832ms)
✔ reserves test-period metrics from recency candidate selection (0.619408ms)
✔ preserves the known omitted intentional-walk opportunity (2.636421ms)
✔ assigns deterministic lineup slots and turns from complete play opportunities (1.738157ms)
✔ fails closed when a batter segment lacks terminal evidence (0.524078ms)
✔ ignores a delayed foreign-context row while preserving one complete opportunity (0.312148ms)
✔ defers a premature inning boundary until delayed terminal evidence arrives (0.358666ms)
✔ accounts deterministically for every fit-validation evidence state while leaving test sealed (29.71407ms)
✔ rejects capture-manifest hash drift from the frozen partition (6.939032ms)
✔ rejects duplicate provider game and PA identities (6.884699ms)
✔ fails closed on malformed structural evidence (5.122136ms)
✔ rejects provider-secret exposure in included evidence without reading test evidence (5.056723ms)
✔ enumerates an explicit active-season date range without prior-season leakage (2.51433ms)
✔ requires strictly chronological fit, validation, and untouched test periods (0.598619ms)
✔ computes exact uniform and exponential half-life weights (0.517826ms)
✔ builds weights from fit-period observations only (0.470106ms)
✔ selects recency only from later validation log loss and retains uniform when better (0.655175ms)
✔ selects only exact observed final games for the requested active-season date (0.494512ms)
✔ accepts verified BALLDONTLIE UTC game timestamps and preserves the raw value (0.435861ms)
✔ counts only an explicit plate-appearance data array (0.252125ms)
✔ overlays exact contextual states and conserves every fit-validation row (13.864587ms)
✔ preserves identities and applies the existing L/R-only platoon rule (1.396382ms)
✔ is deterministic for identical versioned inputs (1.377246ms)
✔ rejects a resolution row outside the source context cohort (1.274082ms)
✔ rejects contextual identity drift even when hashes are recomputed (0.639054ms)
✔ rejects tampered artifacts and exposed untouched-test rows (1.401021ms)
✔ validates artifact text without trimming raw bytes (1.372248ms)
✔ poisson-binomial matches two-trial exact distribution (0.358627ms)
✔ reports overdispersion when mean is right but outcomes cluster (11.62697ms)
✔ preserves Higher and Lower half-line symmetry (0.402709ms)
✔ excludes entire batter-game when overall PA coverage is incomplete (0.486567ms)
✔ is deterministic for identical games in different input order (2.262706ms)
✔ rejects invalid probabilities, duplicate game keys, and impossible hit counts (0.382832ms)
✔ conserves probability mass for a large heterogeneous cohort (35.244322ms)
✔ assigns an exact 5% probability to the next fixed-width bucket and conserves rows (2.154381ms)
✔ builds balanced deterministic equal-count deciles (9.066904ms)
✔ conserves probability and outcome mass while reproducing source Hit metrics (1.041103ms)
✔ reports Wilson uncertainty and is deterministic for identical predictions (0.993313ms)
✔ rejects duplicate identities, invalid probabilities, and undersized deciles (0.633925ms)
✔ rejects drift from the verified source Hit summary (0.358405ms)
✔ allows only floating-point-order noise in large bucket mass conservation (52.415664ms)
✔ reuses existing pooling and coherent matchup paths while retaining structural-zero categories (16.280202ms)
✔ uses one identical validation cohort for pooling and coherent candidates (1.549992ms)
✔ is deterministic for identical versioned inputs (3.928436ms)
✔ rejects legacy dataset v2 instead of silently relabeling it (0.879428ms)
✔ fails closed when validation contains a category with zero fit support (0.771935ms)
✔ rejects tampered identity and any exposed untouched-test rows (0.686164ms)
✔ extends the lower league-platoon prior boundary across several orders of magnitude (1.940078ms)
✔ preserves every original candidate and adds one exact raw-cell limit grid (0.717302ms)
✔ gives every league prior the identical split-coefficient grid (0.278145ms)
✔ the raw-cell sentinel is computationally identical to zero pooling for positive counts (0.6896ms)
✔ accepts the raw-cell limit only when every matchup category has positive support (0.665154ms)
✔ is deterministic and does not mutate the verified default candidate grid (6.306078ms)
✔ scores the frozen raw-cell candidate and no-platoon baseline on one identical cohort (6.75248ms)
✔ keeps the frozen candidate immutable and uses the approved base coefficients (1.86693ms)
✔ is deterministic for identical current-season cohorts (2.675845ms)
✔ fails closed when an exact raw matchup cell lacks one modeled category (0.913853ms)
✔ does not require raw-cell support for the no-platoon baseline (1.709803ms)
✔ rejects empty cohorts and noncanonical hit categories (0.305626ms)
✔ zero platoon coefficient preserves overall batter talent and positive weight moves toward the split (1.292326ms)
✔ no-platoon baseline reproduces the verified coherent model on the identical eligible cohort (62.129701ms)
✔ uses one identical validation cohort and preserves the no-double-shrinkage boundary (39.862867ms)
✔ retains a switch-hitter row in overall fitting while excluding only its platoon interaction (25.766164ms)
✔ is deterministic for identical versioned inputs (56.309796ms)
✔ rejects tampered source artifacts, invalid platoon flags, and exposed test rows (48.490685ms)
✔ builds balanced deterministic rare-category deciles (10.686406ms)
✔ reproduces source one-vs-rest metrics and conserves events (1.224558ms)
✔ reports Wilson uncertainty for zero-event deciles (0.950361ms)
✔ rejects duplicate identities and invalid probabilities (0.624888ms)
✔ rejects undersized deciles (0.285758ms)
✔ rejects drift from verified source category metrics (0.341474ms)
✔ allows only floating-point-order noise in large decile mass conservation (42.310534ms)
✔ computes deterministic bounded Wilson 95% intervals including zero successes (1.651183ms)
✔ per-observation predictions exactly reproduce the verified aggregate scorer (5.602292ms)
✔ conserves observed counts and expected probability mass across canonical categories (1.897036ms)
✔ flags zero-validation evidence without inventing a hard sample threshold (1.16173ms)
✔ rejects structural-zero observations and nonconserved probability vectors (1.237784ms)
✔ is deterministic for identical current-season prediction inputs (1.10828ms)
✔ uses expanding strictly earlier training and scores each validation date once (41.57962ms)
✔ keeps fixed pooling strengths and one identical coefficient cohort (14.957158ms)
✔ tracks the fixed-holdout candidate and fold selection stability (17.453583ms)
✔ preserves structural-zero categories and is deterministic (29.229784ms)
✔ rejects a tampered fixed evaluation artifact (9.066402ms)
✔ rejects exposed test rows and non-chronological source periods (4.369588ms)
✔ plans deterministic current-season date shards only (2.364778ms)
✔ reports a genuinely absent shard as missing (6.666344ms)
✔ reuses a verified shard and refuses incomplete or corrupt existing shards (5.619237ms)
✔ verifies and totals every required date shard without gaps (4.241011ms)
✔ freezes the holdout and walk-forward selected K=4 benchmark deterministically (6.844253ms)
✔ rejects holdout and walk-forward disagreement on K=4 (1.384339ms)
✔ rejects K=4 when it no longer beats the K=1 independence baseline (0.87524ms)
✔ rejects any untouched-test row payload (0.503118ms)
✔ shared environment v2 scripts pass node syntax checking (79.790121ms)
✔ adds a conserved starter-to-bullpen distribution to every shared scenario (18.09309ms)
✔ scores every validation game once across deterministic expanding daily folds (102.404961ms)
✔ later validation outcomes cannot alter earlier fold fits or scores (71.121739ms)
✔ rejects a valid source holdout evaluation from another dataset (8.798888ms)
✔ rejects any untouched-test row payload (0.523487ms)
✔ selects shared scenarios on a deterministic bimodal game environment (37.384782ms)
✔ fits parameters from fit rows only (24.031094ms)
✔ is deterministic for identical input (20.01934ms)
✔ conserves each candidate scenario weight (13.554213ms)
✔ rejects a period missing one team side (1.109702ms)
✔ rejects untouched-test payloads (0.36072ms)
✔ recovers the starter block, conserves team PA, and selects one stable workload model (17.778727ms)
✔ shared ordered-appearance recovery is the single starter source (0.22785ms)
✔ a starter who reappears after the bullpen is rejected instead of repaired (1.811375ms)
✔ the real-shape proper-score frontiers select side-pool-1000 (1.442229ms)
✔ proper-score sign disagreement keeps both candidates nondominated (0.174669ms)
✔ the full Pareto comparison removes a candidate dominated by a non-log-loss winner (0.177525ms)
✔ contradictory fixed and walk-forward frontiers fail closed (0.181793ms)
✔ strongest-pooling selection is deterministic under input reordering (0.263446ms)
✔ untouched-test rows cannot enter starter-bullpen candidate selection (0.667768ms)
✔ identical inputs produce an identical starter-bullpen evaluation (5.734932ms)
✔ freezes selected starter retention while remaining disabled before untouched testing (8.949803ms)
✔ rejects any frozen probability changed after hashing (2.830876ms)
✔ recovers starter PA prefixes while excluding baserunning-only rows from the batting cycle (19.167451ms)
✔ rejects a simultaneous multi-slot phase shift instead of fitting corrupted substitutions (1.804552ms)
✔ fails closed when direct starter PA evidence disagrees with recovered slot occupancy (1.700476ms)
✔ selects retention over assigning every batting-slot turn to the named starter (9.301716ms)
✔ is deterministic for identical versioned inputs (4.249421ms)
✔ rejects any dataset that exposes untouched-test rows (1.172791ms)
✔ starter retention gate hashes the exact persisted dataset bytes (0.983915ms)
✔ all starter retention executable scripts pass node syntax checking (106.426216ms)
✔ derives a PA arithmetic candidate only from complete nonnegative components (1.622138ms)
✔ classifies complete and incomplete official lineup coverage without inventing slots (1.780206ms)
✔ preserves null reported PA and flags arithmetic mismatches instead of filling values (3.897558ms)
✔ builds a deterministic manifest and preserves the sealed untouched-test reservation (0.983264ms)
✔ uses game identity/outcomes and opponent pitcher BF while ignoring baserunning-only ghost pitcher IDs (11.518455ms)
✔ fails the entire game closed when a real observed pitcher stats row is missing (2.275209ms)
✔ fails closed on pitcher hits versus game-team hits contradiction (0.809897ms)
✔ uses exact team_name only as an optional direct-PA contradiction check (0.605822ms)
✔ is deterministic for identical evidence regardless of capture order (1.43221ms)
✔ rejects untouched-test rows in either source artifact (0.555237ms)
✔ freezes one coherent current-season terminal vector and verifies tamper evidence (14.37495ms)
✔ unseen current-season identities use only the frozen league-pooled vectors (1.003672ms)
✔ terminal PA artifact scripts pass node syntax checking (56.346104ms)
✔ grades official hits, ignores baserunning-only rows, and retains verified contextual non-hits (1.226422ms)
✔ reconstructs the starting nine without letting an ignored baserunning row shift slots (1.15069ms)
✔ rejects a five-slot simultaneous replacement phase shift (1.487975ms)
✔ a pregame event with a commence time on a later calendar date is included, not dropped (1.995802ms)
✔ an event whose commence time has passed is excluded as started (0.352725ms)
✔ the funnel report prints per-event drop detail on the failure path (0.984356ms)
✔ the funnel report prints on the success path (0.313311ms)
✔ --dry-run writes no archive file (8.845279ms)
✔ --dry-run with an existing capture writes nothing and does not fail on immutability (3.000597ms)
✔ drop reasons are attributed to the correct stage (7.778254ms)
✔ no secret value appears in any funnel output (0.288674ms)
✔ the live archive CLI wires capture identity, dry-run, and funnel output before either outcome (2.167306ms)
✔ prospective archive scripts parse and the BDL 429 retry remains reachable without weakening other HTTP failures (100.214866ms)
✔ identical provider game IDs returned by overlapping date queries deduplicate with complete provenance (9.460545ms)
✔ different provider game IDs remain a genuine ambiguity and are never selected (0.351152ms)
✔ funnel stage order follows the live execution sequence (0.239882ms)
✔ the versioned commence tolerance equals the seven-event observed maximum and records its evidence basis (0.581517ms)
✔ real observed consecutive Angels-Orioles games resolve by exact team pair and commence tolerance (0.457442ms)
✔ a farther consecutive-series candidate outside tolerance is never selected (0.285608ms)
✔ two distinct provider game IDs inside tolerance fail closed instead of selecting the nearer game (0.319924ms)
✔ zero candidates inside tolerance fail closed even when the exact team pair exists (0.369938ms)
✔ a fixture-backed archive preserves every required offer, probability, lineup, factor, and version field (82.298197ms)
✔ re-writing an existing capture identity fails closed without overwriting even identical bytes (135.198717ms)
✔ raw provider bytes and their SHA-256 survive unchanged (0.425212ms)
✔ the archive layer copies existing outputs and contains no probability, settlement, or ranking implementation (59.682345ms)
✔ malformed or empty provider responses fail closed (0.537773ms)
✔ identical versioned inputs produce one deterministic archive identity and ranked order (128.599248ms)
✔ two captures at different timestamps produce two distinct immutable records and neither overwrites the other (241.021834ms)
✔ capture identity is exactly the capture timestamp plus the preserved raw provider snapshot SHA-256 (57.332044ms)
✔ temporary M9 commence-time correction transport files are absent (3.51202ms)
✔ the live path builds the verified separate first_name and last_name request including suffixes (1.710505ms)
✔ one exact name on a matched-game team resolves and every rejected candidate records why (0.956022ms)
✔ zero and multiple exact candidates remain fail closed without fuzzy matching or coercion (0.464626ms)
✔ the player diagnostic prints exact request parameters, raw counts, candidates, rejection reasons, and no secret (0.760103ms)
✔ player identity survives independently while missing lineup evidence drops only at the lineup stage (0.498249ms)
✔ the live path now differs from the working fixture path only in how provider IDs are acquired, not in fail-closed identity semantics (17.591701ms)
✔ temporary M9 player identity correction transport files are absent (3.88291ms)
✔ the fixture-backed ranked-output CLI is deterministic for identical inputs (12651.90762ms)
✔ ranked CLI rows match the existing application ranking adapter exactly (1.540414ms)
✔ the CLI layer formats existing candidate probabilities without computing or settling them (2.581486ms)

--- M9 RANKED FIXTURE OUTPUT ---
M9 Ranked Batter Hits Fixture Output
PRODUCTION RANKING: DISABLED
SOURCE: COMMITTED FIXTURE-BACKED EVIDENCE — NOT A LIVE BOARD
AUTHORIZATION: TEST ONLY — EPHEMERAL SNAPSHOT
CAPTURED: 2026-07-23T15:12:25.190Z | EVALUATED: 2026-07-23T15:12:25.190Z
NORMALIZED OFFERS: 34
RANKED OFFERS: 34
FIXTURE EXCLUSIONS: 0

RANK	PLAYER	MARKET	SIDE	LINE	OFFER	P(WIN)	P(LOSS)	P(VOID)	P(WIN|GRADES)	P_BASE [DIAGNOSTIC ONLY]	CONTEXT_DELTA [DIAGNOSTIC ONLY]	MODEL	DISTRIBUTION_BUILDER	SETTLEMENT
1	Matt Olson	Batter Hits	lower	1.5	alternate	0.764858037923	0.235141962077	0.000000000000	0.764858037923	0.762178820131	0.002679217792	m8-5-batter-hits-successor-freeze-v1	m9-batter-hits-runtime-distribution-v1	batter-hits-settlement-not-production-validated
2	Ozzie Albies	Batter Hits	lower	1.5	alternate	0.750363772409	0.249636227591	0.000000000000	0.750363772409	0.748314126600	0.002049645809	m8-5-batter-hits-successor-freeze-v1	m9-batter-hits-runtime-distribution-v1	batter-hits-settlement-not-production-validated
3	Michael Harris II	Batter Hits	lower	1.5	alternate	0.740107524788	0.259892475212	0.000000000000	0.740107524788	0.737696400384	0.002411124404	m8-5-batter-hits-successor-freeze-v1	m9-batter-hits-runtime-distribution-v1	batter-hits-settlement-not-production-validated
4	Fernando Tatis Jr.	Batter Hits	higher	0.5	alternate	0.695221753247	0.304778246753	0.000000000000	0.695221753247	0.694878337953	0.000343415295	m8-5-batter-hits-successor-freeze-v1	m9-batter-hits-runtime-distribution-v1	batter-hits-settlement-not-production-validated
5	Ty France	Batter Hits	higher	0.5	alternate	0.637222964249	0.362777035751	0.000000000000	0.637222964249	0.637541036345	-0.000318072096	m8-5-batter-hits-successor-freeze-v1	m9-batter-hits-runtime-distribution-v1	batter-hits-settlement-not-production-validated
6	Mauricio Dubon	Batter Hits	higher	0.5	alternate	0.629604273213	0.370395726787	0.000000000000	0.629604273213	0.631507543163	-0.001903269950	m8-5-batter-hits-successor-freeze-v1	m9-batter-hits-runtime-distribution-v1	batter-hits-settlement-not-production-validated
7	Drake Baldwin	Batter Hits	higher	0.5	alternate	0.620456557383	0.379543442617	0.000000000000	0.620456557383	0.623303299217	-0.002846741834	m8-5-batter-hits-successor-freeze-v1	m9-batter-hits-runtime-distribution-v1	batter-hits-settlement-not-production-validated
8	Luis Rengifo	Batter Hits	higher	0.5	alternate	0.614838570439	0.385161429561	0.000000000000	0.614838570439	0.614421569894	0.000417000545	m8-5-batter-hits-successor-freeze-v1	m9-batter-hits-runtime-distribution-v1	batter-hits-settlement-not-production-validated
9	Xander Bogaerts	Batter Hits	higher	0.5	alternate	0.605363556347	0.394636443653	0.000000000000	0.605363556347	0.604733764262	0.000629792085	m8-5-batter-hits-successor-freeze-v1	m9-batter-hits-runtime-distribution-v1	batter-hits-settlement-not-production-validated
10	Dominic Smith	Batter Hits	higher	0.5	alternate	0.578175128450	0.421824871550	0.000000000000	0.578175128450	0.580387832759	-0.002212704309	m8-5-batter-hits-successor-freeze-v1	m9-batter-hits-runtime-distribution-v1	batter-hits-settlement-not-production-validated
11	Gavin Sheets	Batter Hits	higher	0.5	baseline	0.577067653427	0.422932346573	0.000000000000	0.577067653427	0.577816491746	-0.000748838319	m8-5-batter-hits-successor-freeze-v1	m9-batter-hits-runtime-distribution-v1	batter-hits-settlement-not-production-validated
12	Manny Machado	Batter Hits	higher	0.5	alternate	0.570584208617	0.429415791383	0.000000000000	0.570584208617	0.570958324676	-0.000374116059	m8-5-batter-hits-successor-freeze-v1	m9-batter-hits-runtime-distribution-v1	batter-hits-settlement-not-production-validated
13	Austin Riley	Batter Hits	higher	0.5	alternate	0.543157685502	0.456842314498	0.000000000000	0.543157685502	0.545640147887	-0.002482462385	m8-5-batter-hits-successor-freeze-v1	m9-batter-hits-runtime-distribution-v1	batter-hits-settlement-not-production-validated
14	Jase Bowen	Batter Hits	higher	0.5	alternate	0.541273272260	0.458726727740	0.000000000000	0.541273272260	0.541358908499	-0.000085636239	m8-5-batter-hits-successor-freeze-v1	m9-batter-hits-runtime-distribution-v1	batter-hits-settlement-not-production-validated
15	Mike Yastrzemski	Batter Hits	higher	0.5	alternate	0.520444817125	0.479555182875	0.000000000000	0.520444817125	0.522966043480	-0.002521226355	m8-5-batter-hits-successor-freeze-v1	m9-batter-hits-runtime-distribution-v1	batter-hits-settlement-not-production-validated
16	Freddy Fermin	Batter Hits	higher	0.5	baseline	0.520075029720	0.479924970280	0.000000000000	0.520075029720	0.520132003436	-0.000056973716	m8-5-batter-hits-successor-freeze-v1	m9-batter-hits-runtime-distribution-v1	batter-hits-settlement-not-production-validated
17	Jake Cronenworth	Batter Hits	higher	0.5	baseline	0.500659106835	0.499340893165	0.000000000000	0.500659106835	0.500582948166	0.000076158669	m8-5-batter-hits-successor-freeze-v1	m9-batter-hits-runtime-distribution-v1	batter-hits-settlement-not-production-validated
18	Jake Cronenworth	Batter Hits	lower	0.5	baseline	0.499340893165	0.500659106835	0.000000000000	0.499340893165	0.499417051834	-0.000076158669	m8-5-batter-hits-successor-freeze-v1	m9-batter-hits-runtime-distribution-v1	batter-hits-settlement-not-production-validated
19	Freddy Fermin	Batter Hits	lower	0.5	baseline	0.479924970280	0.520075029720	0.000000000000	0.479924970280	0.479867996564	0.000056973716	m8-5-batter-hits-successor-freeze-v1	m9-batter-hits-runtime-distribution-v1	batter-hits-settlement-not-production-validated
20	Mike Yastrzemski	Batter Hits	lower	0.5	alternate	0.479555182875	0.520444817125	0.000000000000	0.479555182875	0.477033956520	0.002521226355	m8-5-batter-hits-successor-freeze-v1	m9-batter-hits-runtime-distribution-v1	batter-hits-settlement-not-production-validated
21	Jase Bowen	Batter Hits	lower	0.5	alternate	0.458726727740	0.541273272260	0.000000000000	0.458726727740	0.458641091501	0.000085636239	m8-5-batter-hits-successor-freeze-v1	m9-batter-hits-runtime-distribution-v1	batter-hits-settlement-not-production-validated
22	Austin Riley	Batter Hits	lower	0.5	alternate	0.456842314498	0.543157685502	0.000000000000	0.456842314498	0.454359852113	0.002482462385	m8-5-batter-hits-successor-freeze-v1	m9-batter-hits-runtime-distribution-v1	batter-hits-settlement-not-production-validated
23	Manny Machado	Batter Hits	lower	0.5	alternate	0.429415791383	0.570584208617	0.000000000000	0.429415791383	0.429041675324	0.000374116059	m8-5-batter-hits-successor-freeze-v1	m9-batter-hits-runtime-distribution-v1	batter-hits-settlement-not-production-validated
24	Gavin Sheets	Batter Hits	lower	0.5	baseline	0.422932346573	0.577067653427	0.000000000000	0.422932346573	0.422183508254	0.000748838319	m8-5-batter-hits-successor-freeze-v1	m9-batter-hits-runtime-distribution-v1	batter-hits-settlement-not-production-validated
25	Dominic Smith	Batter Hits	lower	0.5	alternate	0.421824871550	0.578175128450	0.000000000000	0.421824871550	0.419612167241	0.002212704309	m8-5-batter-hits-successor-freeze-v1	m9-batter-hits-runtime-distribution-v1	batter-hits-settlement-not-production-validated
26	Xander Bogaerts	Batter Hits	lower	0.5	alternate	0.394636443653	0.605363556347	0.000000000000	0.394636443653	0.395266235738	-0.000629792085	m8-5-batter-hits-successor-freeze-v1	m9-batter-hits-runtime-distribution-v1	batter-hits-settlement-not-production-validated
27	Luis Rengifo	Batter Hits	lower	0.5	alternate	0.385161429561	0.614838570439	0.000000000000	0.385161429561	0.385578430106	-0.000417000545	m8-5-batter-hits-successor-freeze-v1	m9-batter-hits-runtime-distribution-v1	batter-hits-settlement-not-production-validated
28	Drake Baldwin	Batter Hits	lower	0.5	alternate	0.379543442617	0.620456557383	0.000000000000	0.379543442617	0.376696700783	0.002846741834	m8-5-batter-hits-successor-freeze-v1	m9-batter-hits-runtime-distribution-v1	batter-hits-settlement-not-production-validated
29	Mauricio Dubon	Batter Hits	lower	0.5	alternate	0.370395726787	0.629604273213	0.000000000000	0.370395726787	0.368492456837	0.001903269950	m8-5-batter-hits-successor-freeze-v1	m9-batter-hits-runtime-distribution-v1	batter-hits-settlement-not-production-validated
30	Ty France	Batter Hits	lower	0.5	alternate	0.362777035751	0.637222964249	0.000000000000	0.362777035751	0.362458963655	0.000318072096	m8-5-batter-hits-successor-freeze-v1	m9-batter-hits-runtime-distribution-v1	batter-hits-settlement-not-production-validated
31	Fernando Tatis Jr.	Batter Hits	lower	0.5	alternate	0.304778246753	0.695221753247	0.000000000000	0.304778246753	0.305121662047	-0.000343415295	m8-5-batter-hits-successor-freeze-v1	m9-batter-hits-runtime-distribution-v1	batter-hits-settlement-not-production-validated
32	Michael Harris II	Batter Hits	higher	1.5	alternate	0.259892475212	0.740107524788	0.000000000000	0.259892475212	0.262303599616	-0.002411124404	m8-5-batter-hits-successor-freeze-v1	m9-batter-hits-runtime-distribution-v1	batter-hits-settlement-not-production-validated
33	Ozzie Albies	Batter Hits	higher	1.5	alternate	0.249636227591	0.750363772409	0.000000000000	0.249636227591	0.251685873400	-0.002049645809	m8-5-batter-hits-successor-freeze-v1	m9-batter-hits-runtime-distribution-v1	batter-hits-settlement-not-production-validated
34	Matt Olson	Batter Hits	higher	1.5	alternate	0.235141962077	0.764858037923	0.000000000000	0.235141962077	0.237821179869	-0.002679217792	m8-5-batter-hits-successor-freeze-v1	m9-batter-hits-runtime-distribution-v1	batter-hits-settlement-not-production-validated
--- END M9 RANKED FIXTURE OUTPUT ---
✔ production and ranking remain disabled after the fixture CLI runs (1.673234ms)
✔ selectPregameEvents keeps valid future events and sorts by commence time (1.792319ms)
✔ extractBookmakerMarketKeys reads only the requested bookmaker (0.326556ms)
✔ summarizeBdlGames preserves raw status and identity fields without inference (0.341023ms)
✔ date and integer helpers are deterministic and reject malformed values (0.789609ms)
✔ provider probe redacts every configured secret from captured text (0.818934ms)
✔ provider probe hashes identical response bodies deterministically (0.538685ms)
✔ terminal-PA fixture bundle matches its checksums and contains valid sanitized JSON (35.561547ms)
✔ terminal-PA fixtures preserve context needed to distinguish batter outcomes from runner events (14.836428ms)
ℹ tests 600
ℹ suites 0
ℹ pass 593
ℹ fail 7
ℹ cancelled 0
ℹ skipped 0
ℹ todo 0
ℹ duration_ms 51725.495876

✖ failing tests:

test at dist/test/m11-batter-hhr-direct-composite.test.js:37:1
✖ HHR artifact is one direct Family B offset fit using all seven inputs with production closed (4.706573ms)
  Error: ENOENT: no such file or directory, open '/home/runner/work/mlb-prop-analyzer-v3/mlb-prop-analyzer-v3/model-artifacts/m11-batter-hhr-direct-composite-v2.json'
      at async open (node:internal/fs/promises:640:25)
      at async readFile (node:internal/fs/promises:1290:14)
      at async Promise.all (index 0)
      at async evidence (file:///home/runner/work/mlb-prop-analyzer-v3/mlb-prop-analyzer-v3/dist/test/m11-batter-hhr-direct-composite.test.js:15:50)
      at async TestContext.<anonymous> (file:///home/runner/work/mlb-prop-analyzer-v3/mlb-prop-analyzer-v3/dist/test/m11-batter-hhr-direct-composite.test.js:38:23)
      at async Test.run (node:internal/test_runner/test:1332:7)
      at async startSubtestAfterBootstrap (node:internal/test_runner/harness:385:3) {
    errno: -2,
    code: 'ENOENT',
    syscall: 'open',
    path: '/home/runner/work/mlb-prop-analyzer-v3/mlb-prop-analyzer-v3/model-artifacts/m11-batter-hhr-direct-composite-v2.json'
  }

test at dist/test/m11-batter-hhr-direct-composite.test.js:52:1
✖ HHR retained diagnostics pass VIF, lineup magnitude, quality-spread, and exclusion conservation gates (5.256901ms)
  Error: ENOENT: no such file or directory, open '/home/runner/work/mlb-prop-analyzer-v3/mlb-prop-analyzer-v3/model-artifacts/m11-batter-hhr-direct-composite-v2.json'
      at async open (node:internal/fs/promises:640:25)
      at async readFile (node:internal/fs/promises:1290:14)
      at async Promise.all (index 0)
      at async evidence (file:///home/runner/work/mlb-prop-analyzer-v3/mlb-prop-analyzer-v3/dist/test/m11-batter-hhr-direct-composite.test.js:15:50)
      at async TestContext.<anonymous> (file:///home/runner/work/mlb-prop-analyzer-v3/mlb-prop-analyzer-v3/dist/test/m11-batter-hhr-direct-composite.test.js:53:38)
      at async Test.run (node:internal/test_runner/test:1332:7)
      at async Test.processPendingSubtests (node:internal/test_runner/test:911:7) {
    errno: -2,
    code: 'ENOENT',
    syscall: 'open',
    path: '/home/runner/work/mlb-prop-analyzer-v3/mlb-prop-analyzer-v3/model-artifacts/m11-batter-hhr-direct-composite-v2.json'
  }

test at dist/test/m11-batter-hhr-direct-composite.test.js:69:1
✖ HHR direct analytic distribution conserves mass and remains side independent (3.428574ms)
  Error: ENOENT: no such file or directory, open '/home/runner/work/mlb-prop-analyzer-v3/mlb-prop-analyzer-v3/model-artifacts/m11-batter-hhr-direct-composite-v2.json'
      at async open (node:internal/fs/promises:640:25)
      at async readFile (node:internal/fs/promises:1290:14)
      at async Promise.all (index 0)
      at async evidence (file:///home/runner/work/mlb-prop-analyzer-v3/mlb-prop-analyzer-v3/dist/test/m11-batter-hhr-direct-composite.test.js:15:50)
      at async TestContext.<anonymous> (file:///home/runner/work/mlb-prop-analyzer-v3/mlb-prop-analyzer-v3/dist/test/m11-batter-hhr-direct-composite.test.js:70:30)
      at async Test.run (node:internal/test_runner/test:1332:7)
      at async Test.processPendingSubtests (node:internal/test_runner/test:911:7) {
    errno: -2,
    code: 'ENOENT',
    syscall: 'open',
    path: '/home/runner/work/mlb-prop-analyzer-v3/mlb-prop-analyzer-v3/model-artifacts/m11-batter-hhr-direct-composite-v2.json'
  }

test at dist/test/m11-batter-hhr-direct-composite.test.js:81:1
✖ HHR Higher falls and Lower rises across the 0.5 through 3.5 ladder (2.788177ms)
  Error: ENOENT: no such file or directory, open '/home/runner/work/mlb-prop-analyzer-v3/mlb-prop-analyzer-v3/model-artifacts/m11-batter-hhr-direct-composite-v2.json'
      at async open (node:internal/fs/promises:640:25)
      at async readFile (node:internal/fs/promises:1290:14)
      at async Promise.all (index 0)
      at async evidence (file:///home/runner/work/mlb-prop-analyzer-v3/mlb-prop-analyzer-v3/dist/test/m11-batter-hhr-direct-composite.test.js:15:50)
      at async TestContext.<anonymous> (file:///home/runner/work/mlb-prop-analyzer-v3/mlb-prop-analyzer-v3/dist/test/m11-batter-hhr-direct-composite.test.js:82:30)
      at async Test.run (node:internal/test_runner/test:1332:7)
      at async Test.processPendingSubtests (node:internal/test_runner/test:911:7) {
    errno: -2,
    code: 'ENOENT',
    syscall: 'open',
    path: '/home/runner/work/mlb-prop-analyzer-v3/mlb-prop-analyzer-v3/model-artifacts/m11-batter-hhr-direct-composite-v2.json'
  }

test at dist/test/m11-batter-hhr-direct-composite.test.js:92:1
✖ every captured baseline and alternate offer preserves its line and settles from one distribution (3.429145ms)
  Error: ENOENT: no such file or directory, open '/home/runner/work/mlb-prop-analyzer-v3/mlb-prop-analyzer-v3/model-artifacts/m11-batter-hhr-direct-composite-v2.json'
      at async open (node:internal/fs/promises:640:25)
      at async readFile (node:internal/fs/promises:1290:14)
      at async Promise.all (index 0)
      at async evidence (file:///home/runner/work/mlb-prop-analyzer-v3/mlb-prop-analyzer-v3/dist/test/m11-batter-hhr-direct-composite.test.js:15:50)
      at async TestContext.<anonymous> (file:///home/runner/work/mlb-prop-analyzer-v3/mlb-prop-analyzer-v3/dist/test/m11-batter-hhr-direct-composite.test.js:93:37)
      at async Test.run (node:internal/test_runner/test:1332:7)
      at async Test.processPendingSubtests (node:internal/test_runner/test:911:7) {
    errno: -2,
    code: 'ENOENT',
    syscall: 'open',
    path: '/home/runner/work/mlb-prop-analyzer-v3/mlb-prop-analyzer-v3/model-artifacts/m11-batter-hhr-direct-composite-v2.json'
  }

test at dist/test/m11-batter-hhr-direct-composite.test.js:106:1
✖ HHR fails closed on missing canonical inputs, malformed vectors, unsupported lines, and side-bearing artifacts (4.185285ms)
  Error: ENOENT: no such file or directory, open '/home/runner/work/mlb-prop-analyzer-v3/mlb-prop-analyzer-v3/model-artifacts/m11-batter-hhr-direct-composite-v2.json'
      at async open (node:internal/fs/promises:640:25)
      at async readFile (node:internal/fs/promises:1290:14)
      at async Promise.all (index 0)
      at async evidence (file:///home/runner/work/mlb-prop-analyzer-v3/mlb-prop-analyzer-v3/dist/test/m11-batter-hhr-direct-composite.test.js:15:50)
      at async TestContext.<anonymous> (file:///home/runner/work/mlb-prop-analyzer-v3/mlb-prop-analyzer-v3/dist/test/m11-batter-hhr-direct-composite.test.js:107:30)
      at async Test.run (node:internal/test_runner/test:1332:7)
      at async Test.processPendingSubtests (node:internal/test_runner/test:911:7) {
    errno: -2,
    code: 'ENOENT',
    syscall: 'open',
    path: '/home/runner/work/mlb-prop-analyzer-v3/mlb-prop-analyzer-v3/model-artifacts/m11-batter-hhr-direct-composite-v2.json'
  }

test at dist/test/market-key-ownership.test.js:23:1
✖ every base-market key has exactly one canonical production-source declaration (5.494319ms)
  AssertionError [ERR_ASSERTION]: batter-hits-runs-rbis must have exactly one literal declaration under src
  
  2 !== 1
  
      at TestContext.<anonymous> (file:///home/runner/work/mlb-prop-analyzer-v3/mlb-prop-analyzer-v3/dist/test/market-key-ownership.test.js:27:16)
      at Test.runInAsyncScope (node:async_hooks:227:14)
      at Test.run (node:internal/test_runner/test:1325:25)
      at Test.start (node:internal/test_runner/test:1191:17)
      at startSubtestAfterBootstrap (node:internal/test_runner/harness:385:17) {
    generatedMessage: false,
    code: 'ERR_ASSERTION',
    actual: 2,
    expected: 1,
    operator: 'strictEqual',
    diff: 'simple'
  }
