
--- M11 BATTER HITS BYTE IDENTITY PROOF ---
BASE MAIN SHA: 7e9e2628c4cd8174463786f3eadec2fa2ce83da5
EXPECTED BYTE LENGTH: 43943
ACTUAL BYTE LENGTH: 43943
EXPECTED SHA-256: 70247b111932202efac839874905a62c43fe30a2df886be80f88b9eb4a4eca59
ACTUAL SHA-256: 70247b111932202efac839874905a62c43fe30a2df886be80f88b9eb4a4eca59
DISTRIBUTIONS COMPARED: 34
ALTERNATE SETTLEMENTS COMPARED: 28
RANKED ROWS COMPARED: 34
BYTE IDENTICAL: true
--- END M11 BATTER HITS BYTE IDENTITY PROOF ---
✔ M11 step 1 preserves Batter Hits distributions, alternate settlements, and ranked output byte for byte (6455.123642ms)
ℹ tests 1
ℹ suites 0
ℹ pass 1
ℹ fail 0
ℹ cancelled 0
ℹ skipped 0
ℹ todo 0
ℹ duration_ms 6650.570472
